
rsb-ret.o:     file format elf64-x86-64


Disassembly of section .text:

0000000000000000 <ret_>:
   0:	48 87 04 24          	xchg   QWORD PTR [rsp],rax
   4:	9c                   	pushf  
   5:	51                   	push   rcx
   6:	48 8b 0d 00 00 00 00 	mov    rcx,QWORD PTR [rip+0x0]        # d <ret_+0xd>
   d:	48 3b 0d 00 00 00 00 	cmp    rcx,QWORD PTR [rip+0x0]        # 14 <ret_+0x14>
  14:	74 18                	je     2e <ret_.mismatch>
  16:	48 83 05 00 00 00 00 	add    QWORD PTR [rip+0x0],0x10        # 1e <ret_+0x1e>
  1d:	10 
  1e:	48 3b 01             	cmp    rax,QWORD PTR [rcx]
  21:	75 0b                	jne    2e <ret_.mismatch>
  23:	48 8b 41 08          	mov    rax,QWORD PTR [rcx+0x8]
  27:	59                   	pop    rcx
  28:	9d                   	popf   
  29:	48 87 04 24          	xchg   QWORD PTR [rsp],rax
  2d:	c3                   	ret    

000000000000002e <ret_.mismatch>:
  2e:	59                   	pop    rcx
  2f:	9d                   	popf   
  30:	48 87 04 24          	xchg   QWORD PTR [rsp],rax
  34:	cc                   	int3   
